page-language-prefs__1440__en__anoniem	B39: vastgelegd met domcontentloaded — load-event komt op deze pagina niet (SR 0 punt e)
page-language-prefs__1440__en__anoniem	OPMERKING: netwerk niet stil na 20 s
program-my-words__390__en__anoniem	OPMERKING: netwerk niet stil na 20 s
page-language-prefs__390__en__anoniem	B39: vastgelegd met domcontentloaded — load-event komt op deze pagina niet (SR 0 punt e)
page-language-prefs__390__en__anoniem	OPMERKING: netwerk niet stil na 20 s
page-language-prefs__1440__ar__anoniem	B39: vastgelegd met domcontentloaded — load-event komt op deze pagina niet (SR 0 punt e)
page-language-prefs__1440__ar__anoniem	OPMERKING: netwerk niet stil na 20 s
page-form__1440__ar__anoniem	ONVOLLEDIG: Weglot niet klaar na 30 s (bestanden wel opgeslagen, poging 1)
page-for-creative-souls-159__1440__ar__anoniem	ONVOLLEDIG: Weglot niet klaar na 30 s (bestanden wel opgeslagen, poging 1)
page-for-creative-souls-159__1440__ar__anoniem	OPMERKING: Weglot: geen window.Weglot
page-checkout__1440__ar__anoniem	ONVOLLEDIG: Weglot niet klaar na 30 s (bestanden wel opgeslagen, poging 1)
page-albunyaan-checkout-2__1440__ar__anoniem	ONVOLLEDIG: Weglot niet klaar na 30 s (bestanden wel opgeslagen, poging 1)
page-albunyaan-checkout-2__1440__ar__anoniem	OPMERKING: Weglot: geen window.Weglot
page-checkout-egp__1440__ar__anoniem	ONVOLLEDIG: Weglot niet klaar na 30 s (bestanden wel opgeslagen, poging 1)
page-checkout-mad__1440__ar__anoniem	ONVOLLEDIG: Weglot niet klaar na 30 s (bestanden wel opgeslagen, poging 1)
page-checkout-sar__1440__ar__anoniem	ONVOLLEDIG: Weglot niet klaar na 30 s (bestanden wel opgeslagen, poging 1)
page-checkout-idr__1440__ar__anoniem	ONVOLLEDIG: Weglot niet klaar na 30 s (bestanden wel opgeslagen, poging 1)
join__1440__ar__anoniem	ONVOLLEDIG: Weglot niet klaar na 30 s (bestanden wel opgeslagen, poging 1)
page-language-prefs__390__ar__anoniem	B39: vastgelegd met domcontentloaded — load-event komt op deze pagina niet (SR 0 punt e)
page-language-prefs__390__ar__anoniem	OPMERKING: netwerk niet stil na 20 s
page-form__390__ar__anoniem	ONVOLLEDIG: Weglot niet klaar na 30 s (bestanden wel opgeslagen, poging 1)
page-for-creative-souls-159__390__ar__anoniem	ONVOLLEDIG: Weglot niet klaar na 30 s (bestanden wel opgeslagen, poging 1)
page-for-creative-souls-159__390__ar__anoniem	OPMERKING: Weglot: geen window.Weglot
page-checkout__390__ar__anoniem	ONVOLLEDIG: Weglot niet klaar na 30 s (bestanden wel opgeslagen, poging 1)
page-albunyaan-checkout-2__390__ar__anoniem	ONVOLLEDIG: Weglot niet klaar na 30 s (bestanden wel opgeslagen, poging 1)
page-albunyaan-checkout-2__390__ar__anoniem	OPMERKING: Weglot: geen window.Weglot
page-checkout-egp__390__ar__anoniem	ONVOLLEDIG: Weglot niet klaar na 30 s (bestanden wel opgeslagen, poging 1)
page-checkout-mad__390__ar__anoniem	ONVOLLEDIG: Weglot niet klaar na 30 s (bestanden wel opgeslagen, poging 1)
page-checkout-sar__390__ar__anoniem	ONVOLLEDIG: Weglot niet klaar na 30 s (bestanden wel opgeslagen, poging 1)
page-checkout-idr__390__ar__anoniem	ONVOLLEDIG: Weglot niet klaar na 30 s (bestanden wel opgeslagen, poging 1)
join__390__ar__anoniem	ONVOLLEDIG: Weglot niet klaar na 30 s (bestanden wel opgeslagen, poging 1)
page-language-prefs__1440__nl__anoniem	B39: vastgelegd met domcontentloaded — load-event komt op deze pagina niet (SR 0 punt e)
page-language-prefs__1440__nl__anoniem	OPMERKING: netwerk niet stil na 20 s
page-form__1440__nl__anoniem	ONVOLLEDIG: Weglot niet klaar na 30 s (bestanden wel opgeslagen, poging 1)
page-for-creative-souls-159__1440__nl__anoniem	ONVOLLEDIG: Weglot niet klaar na 30 s (bestanden wel opgeslagen, poging 1)
page-for-creative-souls-159__1440__nl__anoniem	OPMERKING: Weglot: geen window.Weglot
page-checkout__1440__nl__anoniem	ONVOLLEDIG: Weglot niet klaar na 30 s (bestanden wel opgeslagen, poging 1)
page-albunyaan-checkout-2__1440__nl__anoniem	ONVOLLEDIG: Weglot niet klaar na 30 s (bestanden wel opgeslagen, poging 1)
page-albunyaan-checkout-2__1440__nl__anoniem	OPMERKING: Weglot: geen window.Weglot
page-checkout-egp__1440__nl__anoniem	ONVOLLEDIG: Weglot niet klaar na 30 s (bestanden wel opgeslagen, poging 1)
page-checkout-mad__1440__nl__anoniem	ONVOLLEDIG: Weglot niet klaar na 30 s (bestanden wel opgeslagen, poging 1)
page-checkout-sar__1440__nl__anoniem	ONVOLLEDIG: Weglot niet klaar na 30 s (bestanden wel opgeslagen, poging 1)
page-checkout-idr__1440__nl__anoniem	ONVOLLEDIG: Weglot niet klaar na 30 s (bestanden wel opgeslagen, poging 1)
join__1440__nl__anoniem	ONVOLLEDIG: Weglot niet klaar na 30 s (bestanden wel opgeslagen, poging 1)
page-language-prefs__390__nl__anoniem	B39: vastgelegd met domcontentloaded — load-event komt op deze pagina niet (SR 0 punt e)
page-language-prefs__390__nl__anoniem	OPMERKING: netwerk niet stil na 20 s
page-form__390__nl__anoniem	ONVOLLEDIG: Weglot niet klaar na 30 s (bestanden wel opgeslagen, poging 1)
page-for-creative-souls-159__390__nl__anoniem	ONVOLLEDIG: Weglot niet klaar na 30 s (bestanden wel opgeslagen, poging 1)
page-for-creative-souls-159__390__nl__anoniem	OPMERKING: Weglot: geen window.Weglot
page-checkout__390__nl__anoniem	ONVOLLEDIG: Weglot niet klaar na 30 s (bestanden wel opgeslagen, poging 1)
page-albunyaan-checkout-2__390__nl__anoniem	ONVOLLEDIG: Weglot niet klaar na 30 s (bestanden wel opgeslagen, poging 1)
page-albunyaan-checkout-2__390__nl__anoniem	OPMERKING: Weglot: geen window.Weglot
page-checkout-egp__390__nl__anoniem	ONVOLLEDIG: Weglot niet klaar na 30 s (bestanden wel opgeslagen, poging 1)
page-checkout-mad__390__nl__anoniem	ONVOLLEDIG: Weglot niet klaar na 30 s (bestanden wel opgeslagen, poging 1)
page-checkout-sar__390__nl__anoniem	ONVOLLEDIG: Weglot niet klaar na 30 s (bestanden wel opgeslagen, poging 1)
page-checkout-idr__390__nl__anoniem	ONVOLLEDIG: Weglot niet klaar na 30 s (bestanden wel opgeslagen, poging 1)
sign_in__390__nl__anoniem	OPMERKING: netwerk niet stil na 20 s
join__390__nl__anoniem	ONVOLLEDIG: Weglot niet klaar na 30 s (bestanden wel opgeslagen, poging 1)
page-checkout__1440__en__anoniem	OMGELEID (client-side, anoniem): https://albunyaan.tv/pages/checkout → https://albunyaan.tv/pages/form
page-checkout-egp__1440__en__anoniem	OMGELEID (client-side, anoniem): https://albunyaan.tv/pages/checkout-egp → https://albunyaan.tv/pages/form
page-checkout-mad__1440__en__anoniem	OMGELEID (client-side, anoniem): https://albunyaan.tv/pages/checkout-mad → https://albunyaan.tv/pages/form
page-checkout-sar__1440__en__anoniem	OMGELEID (client-side, anoniem): https://albunyaan.tv/pages/checkout-sar → https://albunyaan.tv/pages/form
page-checkout-idr__1440__en__anoniem	OMGELEID (client-side, anoniem): https://albunyaan.tv/pages/checkout-idr → https://albunyaan.tv/pages/form
join__1440__en__anoniem	OMGELEID (client-side, anoniem): https://albunyaan.tv/join → https://albunyaan.tv/pages/form
page-checkout__390__en__anoniem	OMGELEID (client-side, anoniem): https://albunyaan.tv/pages/checkout → https://albunyaan.tv/pages/form
page-checkout-egp__390__en__anoniem	OMGELEID (client-side, anoniem): https://albunyaan.tv/pages/checkout-egp → https://albunyaan.tv/pages/form
page-checkout-mad__390__en__anoniem	OMGELEID (client-side, anoniem): https://albunyaan.tv/pages/checkout-mad → https://albunyaan.tv/pages/form
page-checkout-sar__390__en__anoniem	OMGELEID (client-side, anoniem): https://albunyaan.tv/pages/checkout-sar → https://albunyaan.tv/pages/form
page-checkout-idr__390__en__anoniem	OMGELEID (client-side, anoniem): https://albunyaan.tv/pages/checkout-idr → https://albunyaan.tv/pages/form
join__390__en__anoniem	OMGELEID (client-side, anoniem): https://albunyaan.tv/join → https://albunyaan.tv/pages/form
page-form__1440__ar__anoniem	HERBEOORDEELD: Weglot wél gewisseld (html lang=ar); eerdere ONVOLLEDIG-melding vervalt — pagina heeft geen menu/h1 voor het kop-criterium
page-checkout__1440__ar__anoniem	OMGELEID (client-side, anoniem): https://albunyaan.tv/pages/checkout → https://albunyaan.tv/pages/form
page-checkout__1440__ar__anoniem	HERBEOORDEELD: Weglot wél gewisseld (html lang=ar); eerdere ONVOLLEDIG-melding vervalt — pagina heeft geen menu/h1 voor het kop-criterium
page-checkout-egp__1440__ar__anoniem	OMGELEID (client-side, anoniem): https://albunyaan.tv/pages/checkout-egp → https://albunyaan.tv/pages/form
page-checkout-egp__1440__ar__anoniem	HERBEOORDEELD: Weglot wél gewisseld (html lang=ar); eerdere ONVOLLEDIG-melding vervalt — pagina heeft geen menu/h1 voor het kop-criterium
page-checkout-mad__1440__ar__anoniem	OMGELEID (client-side, anoniem): https://albunyaan.tv/pages/checkout-mad → https://albunyaan.tv/pages/form
page-checkout-mad__1440__ar__anoniem	HERBEOORDEELD: Weglot wél gewisseld (html lang=ar); eerdere ONVOLLEDIG-melding vervalt — pagina heeft geen menu/h1 voor het kop-criterium
page-checkout-sar__1440__ar__anoniem	OMGELEID (client-side, anoniem): https://albunyaan.tv/pages/checkout-sar → https://albunyaan.tv/pages/form
page-checkout-sar__1440__ar__anoniem	HERBEOORDEELD: Weglot wél gewisseld (html lang=ar); eerdere ONVOLLEDIG-melding vervalt — pagina heeft geen menu/h1 voor het kop-criterium
page-checkout-idr__1440__ar__anoniem	OMGELEID (client-side, anoniem): https://albunyaan.tv/pages/checkout-idr → https://albunyaan.tv/pages/form
page-checkout-idr__1440__ar__anoniem	HERBEOORDEELD: Weglot wél gewisseld (html lang=ar); eerdere ONVOLLEDIG-melding vervalt — pagina heeft geen menu/h1 voor het kop-criterium
join__1440__ar__anoniem	OMGELEID (client-side, anoniem): https://albunyaan.tv/join → https://albunyaan.tv/pages/form
join__1440__ar__anoniem	HERBEOORDEELD: Weglot wél gewisseld (html lang=ar); eerdere ONVOLLEDIG-melding vervalt — pagina heeft geen menu/h1 voor het kop-criterium
page-form__390__ar__anoniem	HERBEOORDEELD: Weglot wél gewisseld (html lang=ar); eerdere ONVOLLEDIG-melding vervalt — pagina heeft geen menu/h1 voor het kop-criterium
page-checkout__390__ar__anoniem	OMGELEID (client-side, anoniem): https://albunyaan.tv/pages/checkout → https://albunyaan.tv/pages/form
page-checkout__390__ar__anoniem	HERBEOORDEELD: Weglot wél gewisseld (html lang=ar); eerdere ONVOLLEDIG-melding vervalt — pagina heeft geen menu/h1 voor het kop-criterium
page-checkout-egp__390__ar__anoniem	OMGELEID (client-side, anoniem): https://albunyaan.tv/pages/checkout-egp → https://albunyaan.tv/pages/form
page-checkout-egp__390__ar__anoniem	HERBEOORDEELD: Weglot wél gewisseld (html lang=ar); eerdere ONVOLLEDIG-melding vervalt — pagina heeft geen menu/h1 voor het kop-criterium
page-checkout-mad__390__ar__anoniem	OMGELEID (client-side, anoniem): https://albunyaan.tv/pages/checkout-mad → https://albunyaan.tv/pages/form
page-checkout-mad__390__ar__anoniem	HERBEOORDEELD: Weglot wél gewisseld (html lang=ar); eerdere ONVOLLEDIG-melding vervalt — pagina heeft geen menu/h1 voor het kop-criterium
page-checkout-sar__390__ar__anoniem	OMGELEID (client-side, anoniem): https://albunyaan.tv/pages/checkout-sar → https://albunyaan.tv/pages/form
page-checkout-sar__390__ar__anoniem	HERBEOORDEELD: Weglot wél gewisseld (html lang=ar); eerdere ONVOLLEDIG-melding vervalt — pagina heeft geen menu/h1 voor het kop-criterium
page-checkout-idr__390__ar__anoniem	OMGELEID (client-side, anoniem): https://albunyaan.tv/pages/checkout-idr → https://albunyaan.tv/pages/form
page-checkout-idr__390__ar__anoniem	HERBEOORDEELD: Weglot wél gewisseld (html lang=ar); eerdere ONVOLLEDIG-melding vervalt — pagina heeft geen menu/h1 voor het kop-criterium
join__390__ar__anoniem	OMGELEID (client-side, anoniem): https://albunyaan.tv/join → https://albunyaan.tv/pages/form
join__390__ar__anoniem	HERBEOORDEELD: Weglot wél gewisseld (html lang=ar); eerdere ONVOLLEDIG-melding vervalt — pagina heeft geen menu/h1 voor het kop-criterium
page-form__1440__nl__anoniem	HERBEOORDEELD: Weglot wél gewisseld (html lang=nl); eerdere ONVOLLEDIG-melding vervalt — pagina heeft geen menu/h1 voor het kop-criterium
page-checkout__1440__nl__anoniem	OMGELEID (client-side, anoniem): https://albunyaan.tv/pages/checkout → https://albunyaan.tv/pages/form
page-checkout__1440__nl__anoniem	HERBEOORDEELD: Weglot wél gewisseld (html lang=nl); eerdere ONVOLLEDIG-melding vervalt — pagina heeft geen menu/h1 voor het kop-criterium
page-checkout-egp__1440__nl__anoniem	OMGELEID (client-side, anoniem): https://albunyaan.tv/pages/checkout-egp → https://albunyaan.tv/pages/form
page-checkout-egp__1440__nl__anoniem	HERBEOORDEELD: Weglot wél gewisseld (html lang=nl); eerdere ONVOLLEDIG-melding vervalt — pagina heeft geen menu/h1 voor het kop-criterium
page-checkout-mad__1440__nl__anoniem	OMGELEID (client-side, anoniem): https://albunyaan.tv/pages/checkout-mad → https://albunyaan.tv/pages/form
page-checkout-mad__1440__nl__anoniem	HERBEOORDEELD: Weglot wél gewisseld (html lang=nl); eerdere ONVOLLEDIG-melding vervalt — pagina heeft geen menu/h1 voor het kop-criterium
page-checkout-sar__1440__nl__anoniem	OMGELEID (client-side, anoniem): https://albunyaan.tv/pages/checkout-sar → https://albunyaan.tv/pages/form
page-checkout-sar__1440__nl__anoniem	HERBEOORDEELD: Weglot wél gewisseld (html lang=nl); eerdere ONVOLLEDIG-melding vervalt — pagina heeft geen menu/h1 voor het kop-criterium
page-checkout-idr__1440__nl__anoniem	OMGELEID (client-side, anoniem): https://albunyaan.tv/pages/checkout-idr → https://albunyaan.tv/pages/form
page-checkout-idr__1440__nl__anoniem	HERBEOORDEELD: Weglot wél gewisseld (html lang=nl); eerdere ONVOLLEDIG-melding vervalt — pagina heeft geen menu/h1 voor het kop-criterium
join__1440__nl__anoniem	OMGELEID (client-side, anoniem): https://albunyaan.tv/join → https://albunyaan.tv/pages/form
join__1440__nl__anoniem	HERBEOORDEELD: Weglot wél gewisseld (html lang=nl); eerdere ONVOLLEDIG-melding vervalt — pagina heeft geen menu/h1 voor het kop-criterium
page-form__390__nl__anoniem	HERBEOORDEELD: Weglot wél gewisseld (html lang=nl); eerdere ONVOLLEDIG-melding vervalt — pagina heeft geen menu/h1 voor het kop-criterium
page-checkout__390__nl__anoniem	OMGELEID (client-side, anoniem): https://albunyaan.tv/pages/checkout → https://albunyaan.tv/pages/form
page-checkout__390__nl__anoniem	HERBEOORDEELD: Weglot wél gewisseld (html lang=nl); eerdere ONVOLLEDIG-melding vervalt — pagina heeft geen menu/h1 voor het kop-criterium
page-checkout-egp__390__nl__anoniem	OMGELEID (client-side, anoniem): https://albunyaan.tv/pages/checkout-egp → https://albunyaan.tv/pages/form
page-checkout-egp__390__nl__anoniem	HERBEOORDEELD: Weglot wél gewisseld (html lang=nl); eerdere ONVOLLEDIG-melding vervalt — pagina heeft geen menu/h1 voor het kop-criterium
page-checkout-mad__390__nl__anoniem	OMGELEID (client-side, anoniem): https://albunyaan.tv/pages/checkout-mad → https://albunyaan.tv/pages/form
page-checkout-mad__390__nl__anoniem	HERBEOORDEELD: Weglot wél gewisseld (html lang=nl); eerdere ONVOLLEDIG-melding vervalt — pagina heeft geen menu/h1 voor het kop-criterium
page-checkout-sar__390__nl__anoniem	OMGELEID (client-side, anoniem): https://albunyaan.tv/pages/checkout-sar → https://albunyaan.tv/pages/form
page-checkout-sar__390__nl__anoniem	HERBEOORDEELD: Weglot wél gewisseld (html lang=nl); eerdere ONVOLLEDIG-melding vervalt — pagina heeft geen menu/h1 voor het kop-criterium
page-checkout-idr__390__nl__anoniem	OMGELEID (client-side, anoniem): https://albunyaan.tv/pages/checkout-idr → https://albunyaan.tv/pages/form
page-checkout-idr__390__nl__anoniem	HERBEOORDEELD: Weglot wél gewisseld (html lang=nl); eerdere ONVOLLEDIG-melding vervalt — pagina heeft geen menu/h1 voor het kop-criterium
join__390__nl__anoniem	OMGELEID (client-side, anoniem): https://albunyaan.tv/join → https://albunyaan.tv/pages/form
join__390__nl__anoniem	HERBEOORDEELD: Weglot wél gewisseld (html lang=nl); eerdere ONVOLLEDIG-melding vervalt — pagina heeft geen menu/h1 voor het kop-criterium
